//Adding project to github

git init 
git add .
git status
git commit -m "first commit"


//for remote repository

//git remote add <shortName> <url>
git remote add origin "https://github.com/mk-grz/sample.git"
//git push -u <shortName> <local-name>
git push -u origin javascript 


//for branch 

git init
git add .
git status
git commit -m "message"
git branch <name>  //cannot make a branch before commit because it need a master branch before that
git remote add origin "link"
git push -u origin <branchname>

//push changes to already exsting branch to the remote branch
git push origin local_branch_name:remote_branch_name

//to revert changes made by reset command
$ git init
Initialized empty Git repository in .git/

$ echo "testing reset" > file1
$ git add file1
$ git commit -m 'added file1'
Created initial commit 1a75c1d: added file1
 1 files changed, 1 insertions(+), 0 deletions(-)
 create mode 100644 file1

$ echo "added new file" > file2
$ git add file2
$ git commit -m 'added file2'
Created commit f6e5064: added file2
 1 files changed, 1 insertions(+), 0 deletions(-)
 create mode 100644 file2

$ git reset --hard HEAD^
HEAD is now at 1a75c1d... added file1

$ cat file2
cat: file2: No such file or directory

$ git reflog
1a75c1d... HEAD@{0}: reset --hard HEAD^: updating HEAD
f6e5064... HEAD@{1}: commit: added file2

$ git reset --hard f6e5064
HEAD is now at f6e5064... added file2

$ cat file2
added new file
